// Jest Snapshot v1, https://goo.gl/fbAQLP

exports[`Not found page matches snapshot 1`] = `
<DocumentFragment>
  <div
    class="root"
  >
    <div
      class="root undefined"
    >
      <a
        href="/login"
      >
        Login
      </a>
    </div>
    <main
      class="main root"
    >
      <div
        class="root undefined"
      >
        404 - Page not found
      </div>
    </main>
  </div>
</DocumentFragment>
`;
