// Jest Snapshot v1, https://goo.gl/fbAQLP

exports[`Login page matches snapshot 1`] = `
<DocumentFragment>
  <div
    class="root"
  >
    <div
      class="root undefined"
    >
      <a
        href="/login"
      >
        Login
      </a>
    </div>
    <main
      class="main root"
    >
      <div
        style="display: inline-block;
  max-width: 100%;
  overflow: hidden;
  position: relative;
  box-sizing: border-box;
  margin: 0;"
      >
        <div
          style="box-sizing: border-box;
  display: block;
  max-width: 100%;"
        >
          <img
            alt=""
            aria-hidden="true"
            role="presentation"
            src="data:image/svg+xml;base64,PHN2ZyB3aWR0aD0iMjAwIiBoZWlnaHQ9IjIwMCIgeG1sbnM9Imh0dHA6Ly93d3cudzMub3JnLzIwMDAvc3ZnIiB2ZXJzaW9uPSIxLjEiLz4="
            style="max-width: 100%;
  display: block;"
          />
        </div>
        <img
          alt="Logo"
          decoding="async"
          src="data:image/gif;base64,R0lGODlhAQABAIAAAAAAAP///yH5BAEAAAAALAAAAAABAAEAAAIBRAA7"
          style="visibility: hidden;
  position: absolute;
  top: 0;
  left: 0;
  bottom: 0;
  right: 0;
  box-sizing: border-box;
  padding: 0;
  margin: auto;
  display: block;
  width: 0;
  height: 0;
  min-width: 100%;
  max-width: 100%;
  min-height: 100%;
  max-height: 100%;"
        />
      </div>
      <br />
      <button>
        Simulate Login
      </button>
    </main>
  </div>
</DocumentFragment>
`;
