// Jest Snapshot v1, https://goo.gl/fbAQLP

exports[`Products page matches snapshot 1`] = `
<DocumentFragment>
  <div
    class="root"
  >
    <div
      class="root undefined"
    >
      <a
        href="/login"
      >
        Login
      </a>
    </div>
    <main
      class="main products"
    >
      <p>
        Welcome to the NextJS boilerplate!
      </p>
      <ul>
        <li>
          <a
            href="/products/1"
          >
            Product #1
          </a>
        </li>
        <li>
          <a
            href="/products/2"
          >
            Product #2
          </a>
        </li>
        <li>
          <a
            href="/products/3"
          >
            Product #3
          </a>
        </li>
      </ul>
    </main>
  </div>
</DocumentFragment>
`;
