// Jest Snapshot v1, https://goo.gl/fbAQLP

exports[`Product page matches snapshot 1`] = `
<DocumentFragment>
  <div
    class="root"
  >
    <div
      class="root undefined"
    >
      <a
        href="/login"
      >
        Login
      </a>
    </div>
    <main
      class="main product"
    >
      <ul>
        <li>
          ID: 123
        </li>
        <li>
          Title: Test product
        </li>
        <li>
          Description: Foo bar baz
        </li>
        <li>
          Price: $99.99
        </li>
      </ul>
    </main>
  </div>
</DocumentFragment>
`;
